// Jest Snapshot v1, https://goo.gl/fbAQLP

exports[`Component: Header should render without throwing an error 1`] = `undefined`;
